FROM alpine:3.7
RUN "/bin/echo" "hello"
ENTRYPOINT "/bin/echo" "hello"
CMD "/bin/echo" "hello"
RUN "/bin/sh" "-c" "echo hello"
ENTRYPOINT "/bin/sh" "-c" "echo hello"
CMD "/bin/sh" "-c" "echo hello"
RUN "/bin/sh" "-cx" "echo hello"
ENTRYPOINT "/bin/sh" "-cx" "echo hello"
CMD "/bin/sh" "-cx" "echo hello"