FROM alpine:3.7
NAME 0

ENV "MYVARX"="dval"
ENV "MYVARY"="pval"

COPY dir="./ctx" "dval" "/dest" nil
COPY dir="./ctx" "/src" "dval" nil
COPY dir="./ctx" "/src" "/dest" dval
COPY image="dval" "/src" "/dest" nil

EXPOSE 80 443/tcp

LABEL "dval"="pval"

STOPSIGNAL dval

USER dval

VOLUME "dval" "pval"

WORKDIR dval

RUN "argd"="dval" "argp"="pval" "port1"="80" "port2"="443/tcp""/bin/sh" "-c" "echo $argd"

ENTRYPOINT "/bin/sh" "-c" "echo $argd"
ENTRYPOINT "/bin/echo" "$argd"